../Core/Src/main.c:80:6:myprintf	16	static
../Core/Src/main.c:120:5:FindPeak	24	static
../Core/Src/main.c:134:6:insert_new_value	16	static
../Core/Src/main.c:163:15:kalman_filter	32	static
../Core/Src/main.c:190:5:getSimplifiedSlope	24	static
../Core/Src/main.c:213:9:GetMidLine	24	static
../Core/Src/main.c:236:6:HAL_ADC_ConvCpltCallback	16	static
../Core/Src/main.c:376:6:HAL_TIM_PeriodElapsedCallback	16	static
../Core/Src/main.c:411:6:HAL_UART_RxCpltCallback	16	static
../Core/Src/main.c:438:6:HAL_UART_TxCpltCallback	16	static
../Core/Src/main.c:449:5:main	48	static
../Core/Src/main.c:572:6:SystemClock_Config	88	static
../Core/Src/main.c:626:13:MX_ADC1_Init	24	static
../Core/Src/main.c:687:13:MX_TIM1_Init	32	static
../Core/Src/main.c:733:13:MX_USART1_UART_Init	8	static
../Core/Src/main.c:764:13:MX_DMA_Init	16	static
../Core/Src/main.c:782:13:MX_GPIO_Init	64	static
../Core/Src/main.c:1038:6:Error_Handler	4	static,ignoring_inline_asm
