../Core/Src/main.c:77:6:myprintf	16	static
../Core/Src/main.c:117:5:FindPeak	24	static
../Core/Src/main.c:131:6:insert_new_value	16	static
../Core/Src/main.c:160:15:kalman_filter	32	static
../Core/Src/main.c:187:5:getSimplifiedSlope	24	static
../Core/Src/main.c:210:9:GetMidLine	24	static
../Core/Src/main.c:233:6:HAL_ADC_ConvCpltCallback	16	static
../Core/Src/main.c:368:6:HAL_TIM_PeriodElapsedCallback	16	static
../Core/Src/main.c:403:6:HAL_UART_RxCpltCallback	16	static
../Core/Src/main.c:420:6:HAL_UART_TxCpltCallback	16	static
../Core/Src/main.c:431:5:main	40	static
../Core/Src/main.c:536:6:SystemClock_Config	88	static
../Core/Src/main.c:590:13:MX_ADC1_Init	24	static
../Core/Src/main.c:651:13:MX_TIM1_Init	32	static
../Core/Src/main.c:697:13:MX_USART1_UART_Init	8	static
../Core/Src/main.c:728:13:MX_DMA_Init	16	static
../Core/Src/main.c:746:13:MX_GPIO_Init	64	static
../Core/Src/main.c:1002:6:Error_Handler	4	static,ignoring_inline_asm
